[01m[K/home/karthikdharmarajan/Documents/Power_Line_Inspection/src/test/src/offb_node.cpp:[m[K In function â€˜[01m[Kint main(int, char**)[m[Kâ€™:
[01m[K/home/karthikdharmarajan/Documents/Power_Line_Inspection/src/test/src/offb_node.cpp:86:13:[m[K [01;31m[Kerror: [m[Kâ€˜[01m[Ktakeoff_client[m[Kâ€™ was not declared in this scope
             [01;31m[Ktakeoff_client[m[K.call(takeoff_request);
             [01;31m[K^~~~~~~~~~~~~~[m[K
[01m[K/home/karthikdharmarajan/Documents/Power_Line_Inspection/src/test/src/offb_node.cpp:86:13:[m[K [01;36m[Knote: [m[Ksuggested alternative: â€˜[01m[Ktakeoff_request[m[Kâ€™
             [01;36m[Ktakeoff_client[m[K.call(takeoff_request);
             [01;36m[K^~~~~~~~~~~~~~[m[K
             [32m[Ktakeoff_request[m[K
make[2]: *** [CMakeFiles/offb_node.dir/src/offb_node.cpp.o] Error 1
make[1]: *** [CMakeFiles/offb_node.dir/all] Error 2
make: *** [all] Error 2
