[01m[K/home/karthikdharmarajan/Documents/Power_Line_Inspection/src/test/src/offb_node.cpp:[m[K In function â€˜[01m[Kint main(int, char**)[m[Kâ€™:
[01m[K/home/karthikdharmarajan/Documents/Power_Line_Inspection/src/test/src/offb_node.cpp:108:45:[m[K [01;31m[Kerror: [m[Kâ€˜[01m[Kcurrent_pose[m[Kâ€™ was not declared in this scope
   float deltaX = abs(pose.pose.position.x - [01;31m[Kcurrent_pose[m[K.pose.position.x);
                                             [01;31m[K^~~~~~~~~~~~[m[K
[01m[K/home/karthikdharmarajan/Documents/Power_Line_Inspection/src/test/src/offb_node.cpp:108:45:[m[K [01;36m[Knote: [m[Ksuggested alternative: â€˜[01m[Kcurrent_state[m[Kâ€™
   float deltaX = abs(pose.pose.position.x - [01;36m[Kcurrent_pose[m[K.pose.position.x);
                                             [01;36m[K^~~~~~~~~~~~[m[K
                                             [32m[Kcurrent_state[m[K
make[2]: *** [CMakeFiles/offb_node.dir/src/offb_node.cpp.o] Error 1
make[1]: *** [CMakeFiles/offb_node.dir/all] Error 2
make: *** [all] Error 2
