[01m[K/home/karthikdharmarajan/Documents/Power_Line_Inspection/src/test/src/offb_node.cpp:8:10:[m[K [01;31m[Kfatal error: [m[Kros/Duration.h: No such file or directory
 #include [01;31m[K<ros/Duration.h>[m[K
          [01;31m[K^~~~~~~~~~~~~~~~[m[K
compilation terminated.
make[2]: *** [CMakeFiles/offb_node.dir/src/offb_node.cpp.o] Error 1
make[1]: *** [CMakeFiles/offb_node.dir/all] Error 2
make: *** [all] Error 2
